// Jest Snapshot v1, https://goo.gl/fbAQLP

exports[`Result should match snapshot 1`] = `ShallowWrapper {}`;
