// Jest Snapshot v1, https://goo.gl/fbAQLP

exports[`SuccessMessage should match snapshot 1`] = `ShallowWrapper {}`;
